Archive member included to satisfy reference by file (symbol)

/usr/lib/gcc/arm-none-eabi/9.2.1/thumb/v7-m/nofp/libgcc.a(_aeabi_ldivmod.o)
                              rtos.o (__aeabi_ldivmod)
/usr/lib/gcc/arm-none-eabi/9.2.1/thumb/v7-m/nofp/libgcc.a(_aeabi_uldivmod.o)
                              rtos.o (__aeabi_uldivmod)
/usr/lib/gcc/arm-none-eabi/9.2.1/thumb/v7-m/nofp/libgcc.a(_udivmoddi4.o)
                              /usr/lib/gcc/arm-none-eabi/9.2.1/thumb/v7-m/nofp/libgcc.a(_aeabi_ldivmod.o) (__udivmoddi4)
/usr/lib/gcc/arm-none-eabi/9.2.1/thumb/v7-m/nofp/libgcc.a(_dvmd_tls.o)
                              /usr/lib/gcc/arm-none-eabi/9.2.1/thumb/v7-m/nofp/libgcc.a(_aeabi_ldivmod.o) (__aeabi_ldiv0)

Allocating common symbols
Common symbol       size              file

__dso_handle        0x4               bmptk_cortex.o

Discarded input sections

 .data          0x0000000000000000        0x0 switch_to.o
 .bss           0x0000000000000000        0x0 switch_to.o
 .group         0x0000000000000000        0xc coroutine.o
 .text          0x0000000000000000        0x0 coroutine.o
 .data          0x0000000000000000        0x0 coroutine.o
 .bss           0x0000000000000000        0x0 coroutine.o
 .text._ZN3due11ad_pin_infoENS_7ad_pinsE
                0x0000000000000000       0x1c coroutine.o
 .text._ZN3due11ad_seq_infoEm
                0x0000000000000000       0x20 coroutine.o
 .text._ZN5hwlib19uart_char_availableEv
                0x0000000000000000        0x4 coroutine.o
 .text._ZN5hwlib9uart_getcEv
                0x0000000000000000        0x4 coroutine.o
 .rodata._ZZN3due11ad_pin_infoENS_7ad_pinsEE17ad_pin_info_array
                0x0000000000000000        0xc coroutine.o
 .rodata._ZZN3due11ad_seq_infoEmE12ad_seq_array
                0x0000000000000000       0x70 coroutine.o
 .group         0x0000000000000000        0x8 rtos.o
 .group         0x0000000000000000        0x8 rtos.o
 .group         0x0000000000000000        0xc rtos.o
 .group         0x0000000000000000        0xc rtos.o
 .group         0x0000000000000000        0xc rtos.o
 .group         0x0000000000000000        0xc rtos.o
 .group         0x0000000000000000        0xc rtos.o
 .group         0x0000000000000000        0xc rtos.o
 .group         0x0000000000000000        0xc rtos.o
 .group         0x0000000000000000        0xc rtos.o
 .group         0x0000000000000000        0xc rtos.o
 .group         0x0000000000000000        0xc rtos.o
 .group         0x0000000000000000        0xc rtos.o
 .group         0x0000000000000000        0xc rtos.o
 .text          0x0000000000000000        0x0 rtos.o
 .data          0x0000000000000000        0x0 rtos.o
 .bss           0x0000000000000000        0x0 rtos.o
 .text._ZN4rtos8callback6cancelEv
                0x0000000000000000        0xa rtos.o
 .text._ZN5hwlib7ostream7reverse10add_prefixERKS0_.part.0
                0x0000000000000000       0x46 rtos.o
 .text._ZNK4rtos5eventeqERKS0_.part.0
                0x0000000000000000       0x28 rtos.o
 .text._ZN5hwliblsERNS_7ostreamEi
                0x0000000000000000       0x94 rtos.o
 .text._ZN5hwliblsERNS_7ostreamEx
                0x0000000000000000       0xc2 rtos.o
 .text._ZN5hwliblsERNS_7ostreamEj
                0x0000000000000000        0xc rtos.o
 .text._ZN6sam3xa10SystemInitEv
                0x0000000000000000       0x7c rtos.o
 .rodata._ZN3due8pin_infoENS_4pinsE.str1.1
                0x0000000000000000       0x33 rtos.o
 .text._ZN3due8pin_infoENS_4pinsE
                0x0000000000000000       0x20 rtos.o
 .text._ZN3due11ad_pin_infoENS_7ad_pinsE
                0x0000000000000000       0x1c rtos.o
 .text._ZN3due11ad_seq_infoEm
                0x0000000000000000       0x20 rtos.o
 .text._ZN3due14port_registersEm
                0x0000000000000000       0x38 rtos.o
 .text._ZN3due12ticks_per_usEv
                0x0000000000000000        0x6 rtos.o
 .text._ZN3due9now_ticksEv
                0x0000000000000000       0x7c rtos.o
 .text._ZN5hwlib9uart_putcEc
                0x0000000000000000        0x4 rtos.o
 .text._ZN5hwlib19uart_char_availableEv
                0x0000000000000000        0x4 rtos.o
 .text._ZN5hwlib9uart_getcEv
                0x0000000000000000        0x4 rtos.o
 .text._Z6strlenPKc
                0x0000000000000000        0xe rtos.o
 .text._Z6strcpyPcPKc
                0x0000000000000000       0x14 rtos.o
 .text._Z15string_allocatePKc
                0x0000000000000000       0x26 rtos.o
 .text._Z12nr_from_maskj
                0x0000000000000000       0x1a rtos.o
 .rodata._Z15task_trampolinev.str1.1
                0x0000000000000000       0x2e rtos.o
 .text._Z15task_trampolinev
                0x0000000000000000       0x34 rtos.o
 .text._ZN4rtos9task_base7suspendEv
                0x0000000000000000        0x8 rtos.o
 .text._ZN4rtos9task_base6resumeEv
                0x0000000000000000        0x8 rtos.o
 .text._ZN4rtos9task_base7unblockEv
                0x0000000000000000       0x14 rtos.o
[...]
Memory Configuration

Name             Origin             Length             Attributes
rom              0x0000000000000000 0x0000000000080000 xr
ram              0x0000000020000000 0x0000000000018000 xrw
nul              0x0000000020018000 0x0000000000000000 xrw
*default*        0x0000000000000000 0xffffffffffffffff

Linker script and memory map

LOAD /usr/lib/gcc/arm-none-eabi/9.2.1/thumb/v7-m/nofp/libgcc.a
LOAD switch_to.o
LOAD coroutine.o
LOAD rtos.o
LOAD hwlib.o
LOAD main.o
LOAD bmptk_cortex.o
LOAD bmptk_heap_bmptk.o
LOAD bmptk_fixed_size_stack.o
LOAD /usr/lib/gcc/arm-none-eabi/9.2.1/../../../arm-none-eabi/lib/thumb/v7-m/nofp/libm.a
LOAD /usr/lib/gcc/arm-none-eabi/9.2.1/thumb/v7-m/nofp/libgcc.a
LOAD /usr/lib/gcc/arm-none-eabi/9.2.1/../../../arm-none-eabi/lib/thumb/v7-m/nofp/libc.a
                0x0000000000000000                __rom_start = ORIGIN (rom)
                0x0000000000080000                __rom_size = LENGTH (rom)
                0x0000000000080000                __rom_end = (__rom_start + __rom_size)
                0x0000000020000000                __ram_start = ORIGIN (ram)
                0x0000000000018000                __ram_size = LENGTH (ram)
                0x0000000020018000                __ram_end = (__ram_start + __ram_size)
                [!provide]                        PROVIDE (__rom_start = __rom_start)
                [!provide]                        PROVIDE (__rom_size = __rom_size)
                [!provide]                        PROVIDE (__rom_end = __rom_end)
                [!provide]                        PROVIDE (__ram_start = __ram_start)
                [!provide]                        PROVIDE (__ram_size = __ram_size)
                [!provide]                        PROVIDE (__ram_end = __ram_end)

.text           0x0000000000000000     0x3638
                0x0000000000000000                . = ALIGN (0x4)
                0x0000000000000000                __text_start = .
                [!provide]                        PROVIDE (__text_start = __text_start)
                0x0000000000000000                . = ALIGN (0x4)
 *(.vectors)
 .vectors       0x0000000000000000       0x20 bmptk_cortex.o
                0x0000000000000000                __vectors
                0x0000000000000020                . = ALIGN (0x4)
 *(.text .text.* .gnu.linkonce.t.*)
 .text          0x0000000000000020       0x24 switch_to.o
                0x0000000000000020                switch_from_to
 .text._ZN6sam3xa10SystemInitEv
                0x0000000000000044       0x7c coroutine.o
                0x0000000000000044                sam3xa::SystemInit()
 .text._ZN3due8pin_infoENS_4pinsE
                0x00000000000000c0       0x20 coroutine.o
                0x00000000000000c0                due::pin_info(due::pins)
 .text._ZN3due14port_registersEm
                0x00000000000000e0       0x38 coroutine.o
                0x00000000000000e0                due::port_registers(unsigned long)
 .text._ZN3due12ticks_per_usEv
                0x0000000000000118        0x6 coroutine.o
                0x0000000000000118                due::ticks_per_us()
 *fill*         0x000000000000011e        0x2 
 .text._ZN3due9now_ticksEv
                0x0000000000000120       0x7c coroutine.o
                0x0000000000000120                due::now_ticks()
 .text._ZN5hwlib9uart_putcEc
                0x000000000000019c        0x4 coroutine.o
                0x000000000000019c                hwlib::uart_putc(char)
 .text._ZN5hwlib7ostreamlsEc
                0x00000000000001a0        0xe rtos.o
                0x00000000000001a0                hwlib::ostream::operator<<(char)
 .text._ZN5hwliblsERNS_7ostreamEPKc
                0x00000000000001ae       0x60 rtos.o
                0x00000000000001ae                hwlib::operator<<(hwlib::ostream&, char const*)
 *fill*         0x000000000000020e        0x2 
 .text._ZN4rtos9task_base7releaseEv
                0x0000000000000210       0x24 rtos.o
                0x0000000000000210                rtos::task_base::release()
 .text._ZN4rtos9task_base5blockEv
                0x0000000000000234       0x70 rtos.o
                0x0000000000000234                rtos::task_base::block()
 .text._ZN4rtos12waitable_set4waitEj
                0x00000000000002a4       0x64 rtos.o
                0x00000000000002a4                rtos::waitable_set::wait(unsigned int)
 .text._ZN5hwlib7wait_usEi
                0x0000000000000308       0x3c rtos.o
                0x0000000000000308                hwlib::wait_us(int)
 .text._ZN5hwlib7wait_msEi
                0x0000000000000344       0x16 rtos.o
                0x0000000000000344                hwlib::wait_ms(int)
 .text._ZN5hwlib20cout_using_uart_putc5flushEv
                0x000000000000035a        0x2 hwlib.o
                0x000000000000035a                hwlib::cout_using_uart_putc::flush()
 .text._ZNK5hwlib9image_8x819read_implementationENS_2xyE
                0x000000000000035c       0x4c hwlib.o
                0x000000000000035c                hwlib::image_8x8::read_implementation(hwlib::xy) const
 .text._ZN5hwlib13window_part_t5flushEv
                0x00000000000003a8        0x8 hwlib.o
                0x00000000000003a8                hwlib::window_part_t::flush()
 .text._ZN5hwlib6window20clear_implementationENS_5colorE
                0x00000000000003b0       0x6c hwlib.o
                0x00000000000003b0                hwlib::window::clear_implementation(hwlib::color)
 .text._ZN5hwlib6window5clearENS_5colorE
                0x000000000000041c       0x50 hwlib.o
                0x000000000000041c                hwlib::window::clear(hwlib::color)
 .text._ZN5hwlib5panicEPKcj
                0x000000000000046c        0x2 hwlib.o
                0x000000000000046c                hwlib::panic(char const*, unsigned int)
 *fill*         0x000000000000046e        0x2 
 .text._ZN5hwlib10background18do_background_workEv
                0x0000000000000470       0x3c hwlib.o
                0x0000000000000470                hwlib::background::do_background_work()
 .text._ZN5hwlib3allENS_2xyE
                0x00000000000004ac       0x16 hwlib.o
                0x00000000000004ac                hwlib::all(hwlib::xy)
 .text._ZNK5hwlib5colorngEv
                0x00000000000004c2       0x2e hwlib.o
                0x00000000000004c2                hwlib::color::operator-() const
 .text._ZNK5hwlib5image4readENS_2xyE
                0x00000000000004f0       0x38 hwlib.o
                0x00000000000004f0                hwlib::image::read(hwlib::xy) const
 .text._ZNK5hwlib14image_invert_t19read_implementationENS_2xyE
                0x0000000000000528       0x4a hwlib.o
                0x0000000000000528                hwlib::image_invert_t::read_implementation(hwlib::xy) const
 *fill*         0x0000000000000572        0x2 
 .text._ZN5hwlib6invertERKNS_5imageE
                0x0000000000000574       0x18 hwlib.o
                0x0000000000000574                hwlib::invert(hwlib::image const&)
 .text._ZN5hwlib6window5writeENS_2xyENS_5colorE
                0x000000000000058c       0x5c hwlib.o
                0x000000000000058c                hwlib::window::write(hwlib::xy, hwlib::color)
 .text._ZN5hwlib13window_part_t20write_implementationENS_2xyENS_5colorE
                0x00000000000005e8       0x2c hwlib.o
                0x00000000000005e8                hwlib::window_part_t::write_implementation(hwlib::xy, hwlib::color)
 .text._ZN5hwlib4partERNS_6windowENS_2xyES2_
                0x0000000000000614       0x30 hwlib.o
                0x0000000000000614                hwlib::part(hwlib::window&, hwlib::xy, hwlib::xy)
 .text._ZN3due9uart_initEv
                0x0000000000000644       0x60 hwlib.o
                0x0000000000000644                due::uart_init()
 .text._ZN3due9uart_putcEc
                0x00000000000006a4       0x20 hwlib.o
                0x00000000000006a4                due::uart_putc(char)
 .text._ZN5hwlib20cout_using_uart_putc4putcEc
                0x00000000000006c4        0xa hwlib.o
                0x00000000000006c4                hwlib::cout_using_uart_putc::putc(char)
 .text._ZN5hwlib6now_usEv
                0x00000000000006ce       0x1c hwlib.o
                0x00000000000006ce                hwlib::now_us()
 .text._ZN5hwlib12wait_us_busyEi
                0x00000000000006ea       0x1c hwlib.o
                0x00000000000006ea                hwlib::wait_us_busy(int)
 .text._ZN5hwlib8terminal10cursor_setENS_2xyE
                0x0000000000000706       0x28 main.o
                0x0000000000000706                hwlib::terminal::cursor_set(hwlib::xy)
 .text._ZN5hwlib14i2c_primitives8read_ackEv
                0x000000000000072e       0x10 main.o
                0x000000000000072e                hwlib::i2c_primitives::read_ack()
 .text._ZN5hwlib14i2c_primitives9write_ackEv
                0x000000000000073e        0x8 main.o
                0x000000000000073e                hwlib::i2c_primitives::write_ack()
 .text._ZN5hwlib14i2c_primitives10write_nackEv
                0x0000000000000746        0x8 main.o
                0x0000000000000746                hwlib::i2c_primitives::write_nack()
 .text._ZN5hwlib14i2c_primitives5writeEh
                0x000000000000074e       0x1c main.o
                0x000000000000074e                hwlib::i2c_primitives::write(unsigned char)
 .text._ZN5hwlib14i2c_primitives5writeEPKhj
                0x000000000000076a       0x24 main.o
                0x000000000000076a                hwlib::i2c_primitives::write(unsigned char const*, unsigned int)
 .text._ZN5hwlib14i2c_primitives9read_byteEv
                0x000000000000078e       0x20 main.o
                0x000000000000078e                hwlib::i2c_primitives::read_byte()
 .text._ZN5hwlib14i2c_primitives4readEbPhj
                0x00000000000007ae       0x36 main.o
                0x00000000000007ae                hwlib::i2c_primitives::read(bool, unsigned char*, unsigned int)
 .text._ZN5hwlib13terminal_from25cursor_set_implementationENS_2xyE
                0x00000000000007e4       0x28 main.o
                0x00000000000007e4                hwlib::terminal_from::cursor_set_implementation(hwlib::xy)
 .text._ZN5hwlib13terminal_from5clearEv
                0x000000000000080c       0x30 main.o
                0x000000000000080c                hwlib::terminal_from::clear()
 .text._ZN5hwlib13terminal_from5flushEv
                0x000000000000083c        0x8 main.o
                0x000000000000083c                hwlib::terminal_from::flush()
 .text._ZNK5hwlib16font_default_8x8ixEc
                0x0000000000000844       0x14 main.o
                0x0000000000000844                hwlib::font_default_8x8::operator[](char) const
 .text._ZNK5hwlib11image_16x1619read_implementationENS_2xyE
                0x0000000000000858       0x70 main.o
                0x0000000000000858                hwlib::image_16x16::read_implementation(hwlib::xy) const
 .text._ZNK5hwlib18font_default_16x16ixEc
                0x00000000000008c8       0x10 main.o
                0x00000000000008c8                hwlib::font_default_16x16::operator[](char) const
 .text._ZN5hwlib29glcd_oled_i2c_128x64_buffered20write_implementationENS_2xyENS_5colorE
                0x00000000000008d8       0x64 main.o
                0x00000000000008d8                hwlib::glcd_oled_i2c_128x64_buffered::write_implementation(hwlib::xy, hwlib::color)
 .text._ZN3due6pin_oc4readEv
                0x000000000000093c       0x10 main.o
                0x000000000000093c                due::pin_oc::read()
 .text._ZN3due6pin_oc5writeEb
                0x000000000000094c       0x10 main.o
                0x000000000000094c                due::pin_oc::write(bool)
 .text._ZN3due6pin_oc5flushEv
                0x000000000000095c        0x2 main.o
                0x000000000000095c                due::pin_oc::flush()
 .text._ZN3due6pin_oc7refreshEv
                0x000000000000095e        0x2 main.o
                0x000000000000095e                due::pin_oc::refresh()
 .text._ZN5hwlib8terminal4putcEc
                0x0000000000000960       0xde main.o
                0x0000000000000960                hwlib::terminal::putc(char)
 .text._ZN5hwlib21i2c_write_transaction5writeEh.isra.0
                0x0000000000000a3e       0x18 main.o
 .text._ZN5hwlib21i2c_write_transaction5writeEPKhj.isra.0
                0x0000000000000a56        0x6 main.o
 .text._ZN5hwlib26i2c_bus_bit_banged_scl_sda16wait_half_periodEv.isra.0
                0x0000000000000a5c        0x6 main.o
 .text._ZN5hwlib26i2c_bus_bit_banged_scl_sda10write_stopEv
                0x0000000000000a62       0x60 main.o
                0x0000000000000a62                hwlib::i2c_bus_bit_banged_scl_sda::write_stop()
 .text._ZN5hwlib26i2c_bus_bit_banged_scl_sda11write_startEv
                0x0000000000000ac2       0x34 main.o
                0x0000000000000ac2                hwlib::i2c_bus_bit_banged_scl_sda::write_start()
 .text._ZN5hwlib26i2c_bus_bit_banged_scl_sda8read_bitEv
                0x0000000000000af6       0x68 main.o
                0x0000000000000af6                hwlib::i2c_bus_bit_banged_scl_sda::read_bit()
 .text._ZN5hwlib26i2c_bus_bit_banged_scl_sda9write_bitEb
                0x0000000000000b5e       0x52 main.o
                0x0000000000000b5e                hwlib::i2c_bus_bit_banged_scl_sda::write_bit(bool)
 .text._ZN5hwlib21i2c_write_transactionC2ERNS_14i2c_primitivesEj
                0x0000000000000bb0       0x24 main.o
                0x0000000000000bb0                hwlib::i2c_write_transaction::i2c_write_transaction(hwlib::i2c_primitives&, unsigned int)
                0x0000000000000bb0                hwlib::i2c_write_transaction::i2c_write_transaction(hwlib::i2c_primitives&, unsigned int)
 .text._ZN5hwlib21i2c_write_transactionD2Ev
                0x0000000000000bd4       0x18 main.o
                0x0000000000000bd4                hwlib::i2c_write_transaction::~i2c_write_transaction()
                0x0000000000000bd4                hwlib::i2c_write_transaction::~i2c_write_transaction()
 .text._ZN5hwlib20i2c_read_transactionC2ERNS_14i2c_primitivesEj
                0x0000000000000bec       0x32 main.o
                0x0000000000000bec                hwlib::i2c_read_transaction::i2c_read_transaction(hwlib::i2c_primitives&, unsigned int)
                0x0000000000000bec                hwlib::i2c_read_transaction::i2c_read_transaction(hwlib::i2c_primitives&, unsigned int)
 .text._ZN5hwlib20i2c_read_transaction4readERh
                0x0000000000000c1e       0x1c main.o
                0x0000000000000c1e                hwlib::i2c_read_transaction::read(unsigned char&)
 .text._ZN5hwlib20i2c_read_transactionD2Ev
                0x0000000000000c3a       0x18 main.o
                0x0000000000000c3a                hwlib::i2c_read_transaction::~i2c_read_transaction()
                0x0000000000000c3a                hwlib::i2c_read_transaction::~i2c_read_transaction()
 .text._ZN5hwlib6window5writeENS_2xyERKNS_5imageE
                0x0000000000000c52       0xde main.o
                0x0000000000000c52                hwlib::window::write(hwlib::xy, hwlib::image const&)
 .text._ZN5hwlib13terminal_from19putc_implementationEc
                0x0000000000000d30       0x2c main.o
                0x0000000000000d30                hwlib::terminal_from::putc_implementation(char)
 .text._ZN5hwlib13terminal_fromC2ERNS_6windowERKNS_4fontE
                0x0000000000000d5c       0x50 main.o
                0x0000000000000d5c                hwlib::terminal_from::terminal_from(hwlib::window&, hwlib::font const&)
                0x0000000000000d5c                hwlib::terminal_from::terminal_from(hwlib::window&, hwlib::font const&)
 .text._ZN5hwlib11ssd1306_i2c7commandENS_16ssd1306_commandsEhh
                0x0000000000000dac       0x3c main.o
                0x0000000000000dac                hwlib::ssd1306_i2c::command(hwlib::ssd1306_commands, unsigned char, unsigned char)
 .text._ZN5hwlib29glcd_oled_i2c_128x64_buffered5flushEv
                0x0000000000000de8       0x4c main.o
                0x0000000000000de8                hwlib::glcd_oled_i2c_128x64_buffered::flush()
 .text._ZN3due6pin_ocC2ENS_4pinsE
                0x0000000000000e34       0x34 main.o
                0x0000000000000e34                due::pin_oc::pin_oc(due::pins)
                0x0000000000000e34                due::pin_oc::pin_oc(due::pins)
 .text._ZN10kamer_unitC2Ev
                0x0000000000000e68      0x168 main.o
                0x0000000000000e68                kamer_unit::kamer_unit()
                0x0000000000000e68                kamer_unit::kamer_unit()
 .text._ZN10kamer_unit15read_tempratureEv
                0x0000000000000fd0       0x9a main.o
                0x0000000000000fd0                kamer_unit::read_temprature()
 *fill*         0x000000000000106a        0x2 
 .text.startup._ZN10kamer_unit4mainEv
                0x000000000000106c      0x124 main.o
                0x000000000000106c                kamer_unit::main()
 .text.startup.main
                0x0000000000001190       0x1a main.o
                0x0000000000001190                main
 *fill*         0x00000000000011aa        0x2 
 .text.__startup
                0x00000000000011ac       0x40 bmptk_cortex.o
                0x00000000000011ac                __startup
 .text          0x00000000000011ec       0xa0 /usr/lib/gcc/arm-none-eabi/9.2.1/thumb/v7-m/nofp/libgcc.a(_aeabi_ldivmod.o)
                0x00000000000011ec                __aeabi_ldivmod
 .text          0x000000000000128c       0x30 /usr/lib/gcc/arm-none-eabi/9.2.1/thumb/v7-m/nofp/libgcc.a(_aeabi_uldivmod.o)
                0x000000000000128c                __aeabi_uldivmod
 .text          0x00000000000012bc      0x2c4 /usr/lib/gcc/arm-none-eabi/9.2.1/thumb/v7-m/nofp/libgcc.a(_udivmoddi4.o)
                0x00000000000012bc                __udivmoddi4
 .text          0x0000000000001580        0x4 /usr/lib/gcc/arm-none-eabi/9.2.1/thumb/v7-m/nofp/libgcc.a(_dvmd_tls.o)
                0x0000000000001580                __aeabi_ldiv0
                0x0000000000001584                . = ALIGN (0x4)
 *(.glue_7t .glue_7)
 .glue_7        0x0000000000001584        0x0 linker stubs
 .glue_7t       0x0000000000001584        0x0 linker stubs
                0x0000000000001584                . = ALIGN (0x4)
 *(.rodata .rodata.* .gnu.linkonce.r.*)
 .rodata._ZN3due8pin_infoENS_4pinsE.str1.1
                0x0000000000001584       0x33 coroutine.o
 .rodata._ZZN3due8pin_infoENS_4pinsEE14pin_info_array
                0x00000000000015b7       0xa4 coroutine.o
 .rodata._ZNK4rtos5eventeqERKS0_.part.0.str1.1
                0x000000000000165b       0x33 rtos.o
                                         0x35 (size before relaxing)
 .rodata._ZN4rtos9task_base5blockEv.str1.1
                0x000000000000168e       0x37 rtos.o
 *fill*         0x00000000000016c5        0x3 
 .rodata._ZTVN5hwlib20cout_using_uart_putcE
                0x00000000000016c8       0x10 hwlib.o
                0x00000000000016c8                vtable for hwlib::cout_using_uart_putc
 .rodata._ZTVN5hwlib9image_8x8E
                0x00000000000016d8        0xc hwlib.o
                0x00000000000016d8                vtable for hwlib::image_8x8
 .rodata._ZTVN5hwlib14image_invert_tE
                0x00000000000016e4        0xc hwlib.o
                0x00000000000016e4                vtable for hwlib::image_invert_t
 .rodata._ZTVN5hwlib13window_part_tE
                0x00000000000016f0       0x18 hwlib.o
                0x00000000000016f0                vtable for hwlib::window_part_t
 .rodata._ZN5hwlib15font_16x16_dataE
                0x0000000000001708      0xbe4 hwlib.o
                0x0000000000001708                hwlib::font_16x16_data
 .rodata._ZN5hwlib16font_default_8x86imagesE
                0x00000000000022ec      0xa00 hwlib.o
                0x00000000000022ec                hwlib::font_default_8x8::images
 .rodata._ZN5hwlibL5blackE
                0x0000000000002cec        0x4 hwlib.o
 .rodata._ZN5hwlibL5whiteE
                0x0000000000002cf0        0x4 hwlib.o
 .rodata._ZN10kamer_unitC2Ev.str1.1
                0x0000000000002cf4        0xd main.o
 .rodata._ZN10kamer_unit4mainEv.str1.1
                0x0000000000002d01       0x56 main.o
 *fill*         0x0000000000002d57        0x1 
 .rodata._ZTVN5hwlib26i2c_bus_bit_banged_scl_sdaE
                0x0000000000002d58       0x34 main.o
                0x0000000000002d58                vtable for hwlib::i2c_bus_bit_banged_scl_sda
 .rodata._ZTVN5hwlib13terminal_fromE
                0x0000000000002d8c       0x20 main.o
                0x0000000000002d8c                vtable for hwlib::terminal_from
 .rodata._ZTVN5hwlib16font_default_8x8E
                0x0000000000002dac        0xc main.o
                0x0000000000002dac                vtable for hwlib::font_default_8x8
 .rodata._ZTVN5hwlib11image_16x16E
                0x0000000000002db8        0xc main.o
                0x0000000000002db8                vtable for hwlib::image_16x16
 .rodata._ZTVN5hwlib18font_default_16x16E
                0x0000000000002dc4        0xc main.o
                0x0000000000002dc4                vtable for hwlib::font_default_16x16
 .rodata._ZTVN5hwlib29glcd_oled_i2c_128x64_bufferedE
                0x0000000000002dd0       0x18 main.o
                0x0000000000002dd0                vtable for hwlib::glcd_oled_i2c_128x64_buffered
 .rodata._ZTVN3due6pin_ocE
                0x0000000000002de8       0x18 main.o
                0x0000000000002de8                vtable for due::pin_oc
 .rodata._ZN5hwlibL11unspecifiedE
                0x0000000000002e00        0x4 main.o
 .rodata._ZN5hwlibL13_images_16x16E
                0x0000000000002e04      0x800 main.o
 .rodata._ZN5hwlibL22ssd1306_initializationE
                0x0000000000003604       0x29 main.o
 .rodata._ZN5hwlibL5blackE
                0x000000000000362d        0x4 main.o
 .rodata._ZN5hwlibL5whiteE
                0x0000000000003631        0x4 main.o
                0x0000000000003638                . = ALIGN (0x4)
 *fill*         0x0000000000003635        0x3 
 *(.ARM.extab* .gnu.linkonce.armextab.*)
                0x0000000000003638                . = ALIGN (0x4)
 *(.gcc_except_table)
                0x0000000000003638                . = ALIGN (0x4)
 *(.eh_frame_hdr)
                0x0000000000003638                . = ALIGN (0x4)
 *(.eh_frame)
                0x0000000000003638                . = ALIGN (0x4)
                0x0000000000003638                __text_end = .
                [!provide]                        PROVIDE (__text_end = __text_end)

.vfp11_veneer   0x0000000000003638        0x0
 .vfp11_veneer  0x0000000000003638        0x0 linker stubs

.v4_bx          0x0000000000003638        0x0
 .v4_bx         0x0000000000003638        0x0 linker stubs

.iplt           0x0000000000003638        0x0
 .iplt          0x0000000000003638        0x0 coroutine.o

.IF_YOU_SEE_THIS_YOU_HAVE_ONE_OR_MORE_GLOBAL_OBJECT_CONSTRUCTORS
 *(.init)
 *(.preinit_array)
 *(SORT_BY_NAME(.init_array.*))
 *(.init_array)
                0x0000000000003638                . = ALIGN (0x4)
                0x0000000000003638                __exidx_start = .
                [!provide]                        PROVIDE (__exidx_start = __exidx_start)

.ARM.exidx      0x0000000000003638        0x8
 *(.ARM.exidx* .gnu.linkonce.armexidx.*)
 .ARM.exidx     0x0000000000003638        0x8 /usr/lib/gcc/arm-none-eabi/9.2.1/thumb/v7-m/nofp/libgcc.a(_udivmoddi4.o)

.rel.dyn        0x0000000000003640        0x0
 .rel.iplt      0x0000000000003640        0x0 coroutine.o
                0x0000000000003640                . = ALIGN (0x4)
                0x0000000000003640                __exidx_end = .
                [!provide]                        PROVIDE (__exidx_end = __exidx_end)

.bss            0x0000000020000000    0x14030
                0x0000000020000000                . = ALIGN (0x4)
                0x0000000020000000                __stack_start = .
                [!provide]                        PROVIDE (__stack_start = __stack_start)
                0x0000000020000000                . = ALIGN (0x4)
 *(.bmptk_stack)
 .bmptk_stack   0x0000000020000000    0x14000 bmptk_fixed_size_stack.o
                0x0000000020000000                bmptk_stack
                0x0000000020014000                . = ALIGN (0x8)
                0x0000000020014000                __main_stack_end = .
                [!provide]                        PROVIDE (__main_stack_end = __main_stack_end)
                0x0000000020014000                . = ALIGN (0x4)
                0x0000000020014000                __stack_end = .
                [!provide]                        PROVIDE (__stack_end = __stack_end)
                0x0000000020014000                . = ALIGN (0x4)
                0x0000000020014000                __bss_start = .
                [!provide]                        PROVIDE (__bss_start = __bss_start)
                0x0000000020014000                . = ALIGN (0x4)
 *(.bss .bss.* .gnu.linkonce.b.*)
 .bss._ZN17coroutine_context7main_spE
                0x0000000020014000        0x4 coroutine.o
                0x0000000020014000                coroutine_context::main_sp
 *fill*         0x0000000020014004        0x4 
 .bss._ZZN3due9now_ticksEvE4high
                0x0000000020014008        0x8 coroutine.o
 .bss._ZZN3due9now_ticksEvE8last_low
                0x0000000020014010        0x4 coroutine.o
 .bss._ZZN3due9now_ticksEvE9init_done
                0x0000000020014014        0x1 coroutine.o
 *fill*         0x0000000020014015        0x3 
 .bss._ZN4rtos17rtos_current_taskE
                0x0000000020014018        0x4 rtos.o
                0x0000000020014018                rtos::rtos_current_task
 .bss._ZN4rtos17scheduler_runningE
                0x000000002001401c        0x1 rtos.o
                0x000000002001401c                rtos::scheduler_running
 *fill*         0x000000002001401d        0x3 
 .bss._ZN4rtos5flagsE
                0x0000000020014020        0x4 rtos.o
                0x0000000020014020                rtos::flags
 .bss._ZN5hwlib10background5firstE
                0x0000000020014024        0x4 hwlib.o
                0x0000000020014024                hwlib::background::first
 .bss._ZN5hwlib10background7currentE
                0x0000000020014028        0x4 hwlib.o
                0x0000000020014028                hwlib::background::current
 .bss._ZN5hwlib10background7runningE
                0x000000002001402c        0x1 hwlib.o
                0x000000002001402c                hwlib::background::running
 .bss._ZZN3due9uart_initEvE9init_done
                0x000000002001402d        0x1 hwlib.o
                0x0000000020014030                . = ALIGN (0x4)
 *fill*         0x000000002001402e        0x2 
 *(COMMON)
                0x0000000020014030                . = ALIGN (0x4)
                0x0000000020014030                __bss_end = .
                [!provide]                        PROVIDE (__bss_end = __bss_end)

.data           0x0000000020014030       0x20 load address 0x0000000000003640
                0x0000000020014030                . = ALIGN (0x4)
                0x0000000000003640                __data_init_start = LOADADDR (.data)
                [!provide]                        PROVIDE (__data_init_start = __data_init_start)
                0x0000000020014030                __data_start = .
                [!provide]                        PROVIDE (__data_start = __data_start)
                0x0000000020014030                . = ALIGN (0x4)
 *(.data .data.* .gnu.linkonce.d.*)
 .data._ZN17coroutine_context24current_coroutine_sp_ptrE
                0x0000000020014030        0x4 coroutine.o
                0x0000000020014030                coroutine_context::current_coroutine_sp_ptr
 .data._ZN6sam3xa15SystemCoreClockE
                0x0000000020014034        0x4 coroutine.o
                0x0000000020014034                sam3xa::SystemCoreClock
 .data._ZN3due7hw_uartE
                0x0000000020014038        0x4 hwlib.o
                0x0000000020014038                due::hw_uart
 .data._ZN5hwlib4coutE
                0x000000002001403c       0x14 hwlib.o
                0x000000002001403c                hwlib::cout
                0x0000000020014050                . = ALIGN (0x4)
                0x0000000020014050                __data_end = .
                [!provide]                        PROVIDE (__data_end = __data_end)
                0x0000000000003640                __data_init_end = LOADADDR (.data)
                [!provide]                        PROVIDE (__data_init_end = __data_init_end)
                [!provide]                        PROVIDE (__data_size = (__data_end - __data_start))
                [!provide]                        PROVIDE (__data_init_size = __data_size)
                [!provide]                        PROVIDE (__data_init_end = (__data_init_start + __data_init_size))

.igot.plt       0x0000000020014050        0x0 load address 0x0000000000003660
 .igot.plt      0x0000000020014050        0x0 coroutine.o
                0x0000000020014050                . = ALIGN (0x4)
                0x0000000020014050                __heap_start = .
                [!provide]                        PROVIDE (__heap_start = __heap_start)
                0x0000000020014050                . = ALIGN (0x4)
                0x0000000020018000                __heap_end = __ram_end
                [!provide]                        PROVIDE (__heap_end = __heap_end)

.stab
 *(.stab)

.stabstr
 *(.stabstr)

.debug
 *(.debug)

.line
 *(.line)

.debug_srcinfo
 *(.debug_srcinfo)

.debug_sfnames
 *(.debug_sfnames)

.debug_aranges  0x0000000000000000       0x80
 *(.debug_aranges)
 .debug_aranges
                0x0000000000000000       0x20 /usr/lib/gcc/arm-none-eabi/9.2.1/thumb/v7-m/nofp/libgcc.a(_aeabi_ldivmod.o)
 .debug_aranges
                0x0000000000000020       0x20 /usr/lib/gcc/arm-none-eabi/9.2.1/thumb/v7-m/nofp/libgcc.a(_aeabi_uldivmod.o)
 .debug_aranges
                0x0000000000000040       0x20 /usr/lib/gcc/arm-none-eabi/9.2.1/thumb/v7-m/nofp/libgcc.a(_udivmoddi4.o)
 .debug_aranges
                0x0000000000000060       0x20 /usr/lib/gcc/arm-none-eabi/9.2.1/thumb/v7-m/nofp/libgcc.a(_dvmd_tls.o)

.debug_pubnames
 *(.debug_pubnames)

.debug_info     0x0000000000000000      0xdee
 *(.debug_info .gnu.linkonce.wi.*)
 .debug_info    0x0000000000000000       0x26 /usr/lib/gcc/arm-none-eabi/9.2.1/thumb/v7-m/nofp/libgcc.a(_aeabi_ldivmod.o)
 .debug_info    0x0000000000000026       0x26 /usr/lib/gcc/arm-none-eabi/9.2.1/thumb/v7-m/nofp/libgcc.a(_aeabi_uldivmod.o)
 .debug_info    0x000000000000004c      0xd7c /usr/lib/gcc/arm-none-eabi/9.2.1/thumb/v7-m/nofp/libgcc.a(_udivmoddi4.o)
 .debug_info    0x0000000000000dc8       0x26 /usr/lib/gcc/arm-none-eabi/9.2.1/thumb/v7-m/nofp/libgcc.a(_dvmd_tls.o)

.debug_abbrev   0x0000000000000000      0x1fe
 *(.debug_abbrev)
 .debug_abbrev  0x0000000000000000       0x14 /usr/lib/gcc/arm-none-eabi/9.2.1/thumb/v7-m/nofp/libgcc.a(_aeabi_ldivmod.o)
 .debug_abbrev  0x0000000000000014       0x14 /usr/lib/gcc/arm-none-eabi/9.2.1/thumb/v7-m/nofp/libgcc.a(_aeabi_uldivmod.o)
 .debug_abbrev  0x0000000000000028      0x1c2 /usr/lib/gcc/arm-none-eabi/9.2.1/thumb/v7-m/nofp/libgcc.a(_udivmoddi4.o)
 .debug_abbrev  0x00000000000001ea       0x14 /usr/lib/gcc/arm-none-eabi/9.2.1/thumb/v7-m/nofp/libgcc.a(_dvmd_tls.o)

.debug_line     0x0000000000000000      0x75e
 *(.debug_line)
 .debug_line    0x0000000000000000       0x7e /usr/lib/gcc/arm-none-eabi/9.2.1/thumb/v7-m/nofp/libgcc.a(_aeabi_ldivmod.o)
 .debug_line    0x000000000000007e       0x60 /usr/lib/gcc/arm-none-eabi/9.2.1/thumb/v7-m/nofp/libgcc.a(_aeabi_uldivmod.o)
 .debug_line    0x00000000000000de      0x620 /usr/lib/gcc/arm-none-eabi/9.2.1/thumb/v7-m/nofp/libgcc.a(_udivmoddi4.o)
 .debug_line    0x00000000000006fe       0x60 /usr/lib/gcc/arm-none-eabi/9.2.1/thumb/v7-m/nofp/libgcc.a(_dvmd_tls.o)

.debug_frame    0x0000000000000000       0xa4
 *(.debug_frame)
 .debug_frame   0x0000000000000000       0x44 /usr/lib/gcc/arm-none-eabi/9.2.1/thumb/v7-m/nofp/libgcc.a(_aeabi_ldivmod.o)
 .debug_frame   0x0000000000000044       0x2c /usr/lib/gcc/arm-none-eabi/9.2.1/thumb/v7-m/nofp/libgcc.a(_aeabi_uldivmod.o)
 .debug_frame   0x0000000000000070       0x34 /usr/lib/gcc/arm-none-eabi/9.2.1/thumb/v7-m/nofp/libgcc.a(_udivmoddi4.o)

.debug_str      0x0000000000000000     0x1208
 *(.debug_str)
 .debug_str     0x0000000000000000       0x9f /usr/lib/gcc/arm-none-eabi/9.2.1/thumb/v7-m/nofp/libgcc.a(_aeabi_ldivmod.o)
 .debug_str     0x000000000000009f       0x9f /usr/lib/gcc/arm-none-eabi/9.2.1/thumb/v7-m/nofp/libgcc.a(_aeabi_uldivmod.o)
 .debug_str     0x000000000000009f     0x1139 /usr/lib/gcc/arm-none-eabi/9.2.1/thumb/v7-m/nofp/libgcc.a(_udivmoddi4.o)
                                       0x11de (size before relaxing)
 .debug_str     0x00000000000011d8       0x30 /usr/lib/gcc/arm-none-eabi/9.2.1/thumb/v7-m/nofp/libgcc.a(_dvmd_tls.o)
                                         0xa3 (size before relaxing)

.debug_loc      0x0000000000000000      0xf86
 *(.debug_loc)
 .debug_loc     0x0000000000000000      0xf86 /usr/lib/gcc/arm-none-eabi/9.2.1/thumb/v7-m/nofp/libgcc.a(_udivmoddi4.o)

.comment        0x0000000000000000       0x59
 .comment       0x0000000000000000       0x59 coroutine.o
                                         0x5a (size before relaxing)
 .comment       0x0000000000000059       0x5a rtos.o
 .comment       0x0000000000000059       0x5a hwlib.o
 .comment       0x0000000000000059       0x5a main.o
 .comment       0x0000000000000059       0x5a bmptk_cortex.o
 .comment       0x0000000000000059       0x5a bmptk_fixed_size_stack.o
 .comment       0x0000000000000059       0x5a /usr/lib/gcc/arm-none-eabi/9.2.1/thumb/v7-m/nofp/libgcc.a(_udivmoddi4.o)

.debug_macinfo
 *(.debug_macinfo)

.debug_weaknames
 *(.debug_weaknames)

.debug_funcnames
 *(.debug_funcnames)

.debug_typenames
 *(.debug_typenames)

.debug_varnames
 *(.debug_varnames)

.note.gnu.arm.ident
 *(.note.gnu.arm.ident)

.ARM.attributes
                0x0000000000000000       0x29
 *(.ARM.attributes)
 .ARM.attributes
                0x0000000000000000       0x21 switch_to.o
 .ARM.attributes
                0x0000000000000021       0x2d coroutine.o
 .ARM.attributes
                0x000000000000004e       0x2d rtos.o
 .ARM.attributes
                0x000000000000007b       0x2d hwlib.o
 .ARM.attributes
                0x00000000000000a8       0x2d main.o
 .ARM.attributes
                0x00000000000000d5       0x2d bmptk_cortex.o
 .ARM.attributes
                0x0000000000000102       0x2d bmptk_heap_bmptk.o
 .ARM.attributes
                0x000000000000012f       0x33 bmptk_fixed_size_stack.o
 .ARM.attributes
                0x0000000000000162       0x1d /usr/lib/gcc/arm-none-eabi/9.2.1/thumb/v7-m/nofp/libgcc.a(_aeabi_ldivmod.o)
 .ARM.attributes
                0x000000000000017f       0x1d /usr/lib/gcc/arm-none-eabi/9.2.1/thumb/v7-m/nofp/libgcc.a(_aeabi_uldivmod.o)
 .ARM.attributes
                0x000000000000019c       0x2d /usr/lib/gcc/arm-none-eabi/9.2.1/thumb/v7-m/nofp/libgcc.a(_udivmoddi4.o)
 .ARM.attributes
                0x00000000000001c9       0x1d /usr/lib/gcc/arm-none-eabi/9.2.1/thumb/v7-m/nofp/libgcc.a(_dvmd_tls.o)

/DISCARD/
 *(.note.GNU-stack)
                [!provide]                        PROVIDE (__text_size = (__text_end - __text_start))
                [!provide]                        PROVIDE (__exidx_size = (__exidx_end - __exidx_start))
                [!provide]                        PROVIDE (__bss_size = (__bss_end - __bss_start))
                [!provide]                        PROVIDE (__stack_size = (__stack_end - __stack_start))
                [!provide]                        PROVIDE (__heap_size = (__heap_end - __heap_start))
OUTPUT(main.elf elf32-littlearm)
LOAD linker stubs

.debug_ranges   0x0000000000000000       0xf0
 .debug_ranges  0x0000000000000000       0xf0 /usr/lib/gcc/arm-none-eabi/9.2.1/thumb/v7-m/nofp/libgcc.a(_udivmoddi4.o)
